// Jest Snapshot v1, https://goo.gl/fbAQLP

exports[`Inserts name and outputs JavaScript 1`] = `Array []`;
